m5portal_support==div#id#m5portal_support
m5portal_support_topbar==div#id#m5portal_support_topbar
container==div#id#container
_content==div#id#_content
_header==div#id#_header
top==div#id#top
help==a#id#help
ideas==a#id#ideas
announcements==a#id#announcements
top-options==div#id#top-options
userOptions==div#id#userOptions
userMenuItems==div#id#userMenuItems
switch-account-text==a#id#switch-account-text
logo==a#id#logo
company_name==div#id#company_name
_navigation==div#id#_navigation
main==div#id#main
content==div#id#content
breadcrumb==div#id#breadcrumb
m5portal_breadcrumb==div#id#m5portal_breadcrumb
searchWidget==div#id#searchWidget
tbxTerm==input#id#tbxTerm
gridContainer_partitionsGrid==div#id#gridContainer_partitionsGrid
partitionsGrid_processing==div#id#partitionsGrid_processing
partitionsGridAddButton==button#id#partitionsGridAddButton
partitionsGridToggleBtn==button#id#partitionsGridToggleBtn
txtSearch_partitionsGrid==input#id#txtSearch_partitionsGrid
datagrid_partitionsGrid==div#id#datagrid_partitionsGrid
slickgrid_396098Name==div#id#slickgrid_396098Name
slickgrid_396098Account==div#id#slickgrid_396098Account
slickgrid_396098CustomerNum==div#id#slickgrid_396098CustomerNum
slickgrid_396098Cluster==div#id#slickgrid_396098Cluster
slickgrid_396098PlatfromType==div#id#slickgrid_396098PlatfromType
slickgrid_396098ExtensionLength==div#id#slickgrid_396098ExtensionLength
slickgrid_396098TnConferenceFormatted==div#id#slickgrid_396098TnConferenceFormatted
slickgrid_396098OutboundDialDigit==div#id#slickgrid_396098OutboundDialDigit
slickgrid_396098Profiles==div#id#slickgrid_396098Profiles



headerRow_Name==input#id#headerRow_Name

headerRow_Account==input#id#headerRow_Account

headerRow_CustomerNum==input#id#headerRow_CustomerNum

headerRow_Cluster==input#id#headerRow_Cluster
headerRow_PlatfromType==input#id#headerRow_PlatfromType
headerRow_ExtensionLength==input#id#headerRow_ExtensionLength
headerRow_TnConferenceFormatted==input#id#headerRow_TnConferenceFormatted
headerRow_OutboundDialDigit==input#id#headerRow_OutboundDialDigit
headerRow_Profiles==input#id#headerRow_Profiles
partitionsGridFilterPanel==div#id#partitionsGridFilterPanel
txtMultiSearch_partitionsGrid==input#id#txtMultiSearch_partitionsGrid
partitionsGridMultiSearchButton==button#id#partitionsGridMultiSearchButton
chbMultiSearch_partitionsGrid==input#id#chbMultiSearch_partitionsGrid
pager_partitionsGrid==div#id#pager_partitionsGrid
ui-id-3==a#id#ui-id-3
ui-id-4==a#id#ui-id-4
ajaxHandler==div#id#ajaxHandler
contactUsForm==div#id#contactUsForm
contactUsForm_Close==button#id#contactUsForm_Close
SwitchAccount==div#id#SwitchAccount
SwitchAccount_OK==button#id#SwitchAccount_OK
SwitchAccount_Cancel==button#id#SwitchAccount_Cancel
addPartitionForm==div#id#addPartitionForm
addPartition==div#id#addPartition
tbPartitionName==input#id#tbPartitionName
ddlClusters==select#id#ddlClusters
cbAddSites==input#id#cbAddSites
dSiteNote==div#id#dSiteNote
addPartitionForm_OK==button#id#addPartitionForm_OK
addPartitionForm_Cancel==button#id#addPartitionForm_Cancel
setLocalAreaCodesForm==div#id#setLocalAreaCodesForm
locationsContainer==div#id#locationsContainer
setLocalAreaCodesForm_OK==button#id#setLocalAreaCodesForm_OK
setLocalAreaCodesForm_Cancel==button#id#setLocalAreaCodesForm_Cancel
setting_tab_checkbox==checkbox#id#defaultDBNSettingChkbox