ac_addcontract==button#id#accountsGridAddQuoteWizardButton
ac_accountContractsDataGridAddContract==button#id#accountContractsDataGridAddContract

ac_type==select#id#ContractType#0
ac_companyName==input#id#CompanyName#0	
ac_salesPerson==select#id#Salesperson#0
ac_partnerType==select#id#PartnerType#0	
ac_platformType==select#id#PlatformType#0
ac_country1==select#id#InvoiceGroupCountry#0
ac_newInvoiceGroup==input#id#InvoiceGroupNew#0
ac_existingInvoiceGroup==input#id#InvoiceGroupExisting#0
ac_currency==select#id#InvoiceGroupCurrency#0
ac_firstName==input#id#PersonFirstName#0
ac_lastName==input#id#PersonLastName#0
ac_password==input#id#PersonPassword#0
ac_passwordConfirm==input#id#PersonPasswordConfirmation#0
ac_email==input#id#PersonBusinessEmail#0
ac_nextbut_0==input#id#addQuoteWizard_next

ac_addLocation==input#id#btnAddLocations
ac_locationName==input#id#LocationName#0
ac_country2==select#id#CountryKey#0
ac_address1==input#id#Address1#0
ac_address2==input#id#Address2#0
ac_city==input#id#City#0
ac_state==select#id#StateProvinceKey#0
ac_zip==input#id#ZipCode#0
ac_validate==input#id#bypassValidation#0
ac_addlocationformok==button#id#AddContractLocationForm_OK
ac_connectivity==select#id#slConnectivity_0#0
ac_nextbut_1==input#id#addQuoteWizard_next

ac_exportProducts==input#id#btnExportProducts
ac_class==select#id#slServiceClass_0#0
ac_Product==select#id#slProduct_0#0
ac_Quantity==input#id#tbQuantity_0#0
ac_location==select#id#slLocation_0#0
ac_MRR==input#id#tbMRR_0#0
ac_NRR==input#id#tbNRR_0#0
ac_waiveNRR==input#id#cbWaiveNRR_0#0

ac_addProducts==input#id#btnAddProducts
ac_class01==select#id#slServiceClass_1
ac_Product01==select#id#slProduct_1
ac_Quantity01==input#id#tbQuantity_1
ac_location01==select#id#slLocation_1
ac_MRR01==input#id#tbMRR_1
ac_NRR01==input#id#tbNRR_1
ac_waiveNRR01==input#id#cbWaiveNRR_1#0
ac_nextbut_2==input#id#addQuoteWizard_next

ac_contractNumber==input#id#ContractNumber#0
ac_forecastDate==input#id#ForecastDate#0
ac_uploadContract==input#id#btnUploadContract
ac_Ok==input#id#fileUploadContract_OK
ac_browseText==input#id#browseText#0
ac_uploadFile==input#id#browseText#0
ac_uploadFile1==input#id#browseButton
ac_notes==textarea#id#ContractNotes#0
ac_termVersion==select#id#TermVersion#0
ac_termLength==select#id#TermLength#0
ac_termRenewalType==select#id#TermRenewalType#0
ac_termInstall==select#id#TermInstall#0
ac_nextbut_3==input#id#addQuoteWizard_next
ac_finish==input#id#addQuoteWizard_finish

ac_contractidheader==input#id#headerRow_Id

ac_alert_ok==button#id#fnMessageBox_OK

ac_contract_billing_loc==dropdown#id#ContractBillingLocationId
ac_instance==link#id#clustersLink
ac_confirm==button#id#btnConfirmContract

ac_confirm_message==id#xpath#.//*[@class='ui-dialog-content ui-widget-content']/p
ac_search_account==input#xpath#//*[@id="headerRow_CompanyName"]
ac_contracts_grid==div#xpath#//*[@id="datagrid_accountsGrid"]/div[5]/div/div[contains(@class, "ui-widget-content")]
ac_contract_close==button#xpath#//*[@id="accountsGridCloseButton"]
ac_cease_date==input#xpath#//*[@id="BillCeaseDate"]
ac_cease_reason==input#xpath#//*[@id="CloseOrderReasons"]
ac_request_source==input#xpath#//*[@id="RequestSources"]
ac_case_number==input#xpath#//*[@id="CaseNumber"]
ac_notify_mail==input#xpath#//*[@id="OtherEmailAddress"]
ac_next==button#xpath#//*[@id="CloseAccountWizard_next"]
ac_closeaccount_finish==button#xpath#//*[@id="CloseAccountWizard_finish"]
ac_filter_link==a#xpath#//*[@id="accountsGridAccountStatusFilter-button"]
ac_filter1==select#xpath#//*[@id="accountsGridAccountStatusFilter"]
ac_filter==select#xpath#//*[@id="accountsGridAccountStatusFilter-menu"]/li
ac_requested_by==select#xpath#//*[@id="RequestedBy"]
ac_error_ok==button#xpath#//*[@id="fnMessageBox_OK"]
ac_error==div#xpath#//*[@id="ui-id-8"]


ac_Address7==select#id#Address7
ac_SubPremises==input#id#SubPremises
ac_Address6==input#id#Address6
ac_ER_firstName==input#id#FirstName
ac_ER_LastName==input#id#LastName
ac_ER_PhoneNumber==input#id#PhoneNumber
user_wait_grid==link#xpath#.//*[@id='gridContainer_usersDataGrid']/div/div/div/div/div[2]/a