team_menu==a#xpath#//*[@id="team_nav"]
ecc_submenu==a#xpath#//*[@id="menu"]/li[2]/div/div[3]/ul/li[2]/a


ecc_activate_click==button#xpath#//*[@id="ui-tabs-1"]/div[2]/ul/li[9]/div/div[2]/button/span[2]
ecc_activate_review==button#xpath#//*[@id="UpdateConnectECCForm_OK"]/span[2]
activate_ivr_database_integration==input#xpath#//*[@id="ActivateIVRDatabaseIntegration"]
activate_additional_iVR_ports==input#xpath#//*[@id="ActivateAddtionalIVRPorts"]
ports_quantity==input#xpath#//*[@id="AdditionalIVRPortCount"]
ecc_Cluster==select#xpath#//*[@id="ECCClusters"]
ecc_timezone==select#xpath#//*[@id="DdlTimeZoneId"]
requested_by==select#xpath#//*[@id="RequestedBy"]
requested_source==select#xpath#//*[@id="RequestSources"]
ecc_activate_update_submit==button#xpath#//*[@id="ShoretelContactCenterSummaryForm_OK"]/span[2]



recurring_tab==a#xpath#//*[@id="ui-id-3"]
onetime_tab==a#xpath#//*[@id="ui-id-4"]
recurring_tab_selected_report==checkbox#xpath#//*[@id="datagrid_RecurringReports"]/div[5]/div/div/div[1]/input[1]
onetime_tab_selected_report==checkbox#xpath#//*[@id="datagrid_OneTimeReports"]/div[5]/div/div/div[1]/input
recurring_tab_grid_name_filter==input#xpath#//*[@id="datagrid_RecurringReports"]/div[3]/div[1]/div[2]/input
onetime_tab_grid_name_filter==input#xpath#//*[@id="datagrid_OneTimeReports"]/div[3]/div[1]/div[2]/input

recurring_report_add_report==button#xpath#//*[@id="RecurringReportsNewReportButton"]/span[2]
recurring_report_edit_report==button#xpath#//*[@id="RecurringReportsEditReportButton"]/span[2]
recurring_report_copy_report==button#xpath#//*[@id="RecurringReportsCopyReportButton"]/span[2]
recurring_report_delete_report==button#xpath#//*[@id="RecurringReportsDeleteReportButton"]/span[2]
onetime_report_add_report==button#xpath#//*[@id="OneTimeReportsNewReportButton"]/span[2]
onetime_report_edit_report==button#xpath#//*[@id="OneTimeReportsEditReportButton"]/span[2]
onetime_report_copy_report==button#xpath#//*[@id="OneTimeReportsCopyReportButton"]/span[2]
onetime_report_delete_report==button#xpath#//*[@id="OneTimeReportsDeleteReportButton"]/span[2]

text_report_name==input#xpath#//*[@id="txtreportname"]
wait_processing==div#xpath#//*[@id="dvReprogress"]
base_report==select#xpath#//*[@id="DataList_0__Name"]
other_fields==select#xpath#//*[@id="ListBoxCouple_Columns"]/table/tbody/tr[2]/td[1]/select
add_other_filds_arrow==img#xpath#//*[@id="ListBoxCouple_Columns"]/table/tbody/tr[2]/td[2]/img[1]
fields_in_the_report==select#xpath#//*[@id="ListBoxCouple_Columns"]/table/tbody/tr[2]/td[3]/select

text_copy_report_name==input#xpath#//*[@id="txtCopyReportName"]
button_report_copy==button#xpath#//*[@id="btnCopyReport"]/span[2]


search_agents==checkbox#xpath#//*[@id="cbk_searchAgents"]

report_type_radio_options==input#xpath#//*[@id="Schedule_ScheduleOption"]
report_type_daily==input#xpath#//*[@value="Daily"]
report_type_weekly==input#xpath#//*[@value="Weekly"]
report_type_monthly==input#xpath#//*[@value="Monthly"]
report_type_specific==input#xpath#//*[@value="Specific"]
report_type_onetime_in_the_future==input#xpath#//*[@value="OneTimeInTheFuture"]
report_type_onetimenow==input#xpath#//*[@value="OneTimeNow"]

datetime_date_last_days==input#xpath#//*[@value="DurationByDay"]
datetime_time_last_hours==input#xpath#//*[@value="DurationByHour"]


report_format_type_xls==input#xpath#//*[@value="xls"]
report_format_type_csv==input#xpath#//*[@value="csv"]
report_format_type_pdf==input#xpath#//*[@value="pdf"]
add_text_to_fileName==checkbox#xpath#//*[@id="IsAddTextToFilename"]
add_dateTime_to_filename==checkbox#xpath#//*[@id="IsAddDateTimeToFilename"]
add_report_name_to_fileName==checkbox#xpath#//*[@id="IsAddReportName"]
text_file_name==input#xpath#//*[@id="txtAddFilename"]

text_email_from==input#xpath#//*[@id="txtEmailFrom"]
text_email==input#xpath#//*[@id="txtEmails"]
text_subject==input#xpath#//*[@id="txtsubject"]

report_next_button==button#xpath#//*[@id="addECCReportWizard_next"]/span[2]
report_cancel_button==button#xpath#//*[@id="addECCReportWizard_cancel"]/span[2]
report_back_button==button#xpath#//*[@id="addECCReportWizard_previous"]/span[2]
report_finish_button==button#xpath#//*[@id="addECCReportWizard_finish"]/span[2]


fnMessage_box_ok==button#xpath#//*[@id="fnMessageBox_OK"]
fnMessage_box_ok_text==div#xpath#//*[@class="ui-dialog-content ui-widget-content"]/p
fnMessage_box_yes==button#xpath#//*[@id="fnMessageBox_Yes"]/span

