m5portal_support_topbar==div#id#m5portal_support_topbar
container==div#id#container
_content==div#id#_content
_header==div#id#_header
top==div#id#top
help==a#id#help
ideas==a#id#ideas
announcements==a#id#announcements
top-options==div#id#top-options
userOptions==div#id#userOptions
userMenuItems==div#id#userMenuItems
switch-account-text==a#id#switch-account-text
logo==a#id#logo
company_name==div#id#company_name
_navigation==div#id#_navigation
phone_system_nav==a#id#phone_system_nav
finance_nav==a#id#finance_nav
operations_nav==a#id#operations_nav
operations_div==div#id#operations_div

partitions_submenu==a#id#partitions_submenu
primary_partition_submenu==a#id#primary_partition_submenu

phone_numbers_submenu==a#id#phone_numbers_submenu
main==div#id#main
content==div#id#content
breadcrumb==div#id#breadcrumb
m5portal_breadcrumb==div#id#m5portal_breadcrumb
searchWidget==div#id#searchWidget
tbxTerm==input#id#tbxTerm

gridContainer_partitionsGrid==div#id#gridContainer_partitionsGrid
partitionsGrid_processing==div#id#partitionsGrid_processing

partitionsGridAddButton==button#id#partitionsGridAddButton
partitionsGridToggleBtn==button#id#partitionsGridToggleBtn
txtSearch_partitionsGrid==input#id#txtSearch_partitionsGrid
datagrid_partitionsGrid==div#id#datagrid_partitionsGrid


slickgrid_165447Name==div#id#slickgrid_165447Name
slickgrid_165447Account==div#id#slickgrid_165447Account
slickgrid_165447CustomerNum==div#id#slickgrid_165447CustomerNum
slickgrid_165447Cluster==div#id#slickgrid_165447Cluster
slickgrid_165447PlatfromType==div#id#slickgrid_165447PlatfromType
slickgrid_165447ExtensionLength==div#id#slickgrid_165447ExtensionLength
slickgrid_165447TnConferenceFormatted==div#id#slickgrid_165447TnConferenceFormatted
slickgrid_165447OutboundDialDigit==div#id#slickgrid_165447OutboundDialDigit
slickgrid_165447Profiles==div#id#slickgrid_165447Profiles



headerRow_Name==input#id#headerRow_Name

headerRow_Account==input#id#headerRow_Account

headerRow_CustomerNum==input#id#headerRow_CustomerNum

headerRow_Cluster==input#id#headerRow_Cluster

headerRow_PlatfromType==input#id#headerRow_PlatfromType

headerRow_ExtensionLength==input#id#headerRow_ExtensionLength

headerRow_TnConferenceFormatted==input#id#headerRow_TnConferenceFormatted

headerRow_OutboundDialDigit==input#id#headerRow_OutboundDialDigit

headerRow_Profiles==input#id#headerRow_Profiles


partitionsGridFilterPanel==div#id#partitionsGridFilterPanel

txtMultiSearch_partitionsGrid==input#id#txtMultiSearch_partitionsGrid
partitionsGridMultiSearchButton==button#id#partitionsGridMultiSearchButton

chbMultiSearch_partitionsGrid==input#id#chbMultiSearch_partitionsGrid
pager_partitionsGrid==div#id#pager_partitionsGrid

ui-id-3==a#id#ui-id-3
ui-id-4==a#id#ui-id-4
ajaxHandler==div#id#ajaxHandler


contactUsForm==div#id#contactUsForm


contactUsForm_Close==button#id#contactUsForm_Close


SwitchAccount==div#id#SwitchAccount


SwitchAccount_OK==button#id#SwitchAccount_OK
SwitchAccount_Cancel==button#id#SwitchAccount_Cancel


addPartitionForm==div#id#addPartitionForm


addPartitionForm_OK==button#id#addPartitionForm_OK
addPartitionForm_Cancel==button#id#addPartitionForm_Cancel
