personal_contacts_link==link#xpath#//a[contains(text(),'Personal Contacts')]
personal_contacts_menu==link#xpath#//div[@id='main']//a[contains(text(),'Personal Contacts')]
add_personal_contact_button==button#xpath#//button[@id='personalDirectoryDataGridAddButton']
add_contact_group_button==button#xpath#//button[@id='personalDirectoryDataGridAddGroup']
contact_add_group_grid==div#xpath#//div[@id='gridContainer_personalDirectoryDataGrid']
contacts_add_group_form_OK_button==button#xpath#//button[@id='addPersonalDirectoryGroupForm_OK']
new_contacts_group_name_input==input#xpath#//*[@id="GroupEntry_Name"]

contact_group_list==div#xpath#//div[@id='datagrid_personalDirectoryDataGrid']
add_contact_button==button#xpath#//button[@id='personalDirectoryDataGridAddButton']


add_contacts_form_OK_button==button#xpath#//button[@id='addPersonalDirectoryForm_OK']
new_contact_group_drop_down==select#xpath#(//select[contains(@id, 'PersonalEntry_buddy_group_items_attributes')])[1]
new_contact_first_name_input==input#xpath#(//*[@id="PersonalEntry_tab_address_attributes_FirstName"])[1]
new_contact_last_name_input==input#xpath#(//*[@id="PersonalEntry_tab_address_attributes_LastName"])[1]
new_contact_company_name_input==input#xpath#(//*[@id="PersonalEntry_tab_address_attributes_CompanyName"])[1]
new_contact_deportment_name_input==input#xpath#(//*[@id="PersonalEntry_tab_address_attributes_DepartmentName"])[1]
new_contact_business_phone_input==input#xpath#(//*[@id="PersonalEntry_tab_address_attributes_WorkPhone"])[1]
new_contact_mobile_phone_input==input#xpath#(//*[@id="PersonalEntry_tab_address_attributes_CellPhone"])[1]
new_contact_pager_phone_input==input#xpath#(//*[@id="PersonalEntry_tab_address_attributes_PagerPhone"])[1]
new_contact_home_phone_input==input#xpath#(//*[@id="PersonalEntry_tab_address_attributes_HomePhone"])[1]
new_contact_fax_number_input==input#xpath#(//*[@id="PersonalEntry_tab_address_attributes_FaxPhone"])[1]
new_contact_default_number_drop_down==select#xpath#(//select[contains(@id, 'PersonalEntry_PrimaryPhoneContactFieldID')])[1]
new_contact_email_input==input#xpath#(//*[@id="PersonalEntry_tab_address_attributes_EmailAddress"])[1]
new_contact_im_input==input#xpath#(//*[@id="PersonalEntry_tab_address_attributes_IMUri"])[1]


update_contacts_form_OK_button==button#xpath#//*[@id="updatePersonalDirectoryForm_OK"]
update_contact_group_drop_down==select#xpath#(//select[contains(@id, 'PersonalEntry_buddy_group_items_attributes')])[2]
update_contact_first_name_input==input#xpath#(//*[@id="PersonalEntry_tab_address_attributes_FirstName"])[2]
update_contact_last_name_input==input#xpath#(//*[@id="PersonalEntry_tab_address_attributes_LastName"])[2]
update_contact_company_name_input==input#xpath#(//*[@id="PersonalEntry_tab_address_attributes_CompanyName"])[2]
update_contact_deportment_name_input==input#xpath#(//*[@id="PersonalEntry_tab_address_attributes_DepartmentName"])[2]
update_contact_business_phone_input==input#xpath#(//*[@id="PersonalEntry_tab_address_attributes_WorkPhone"])[2]
update_contact_mobile_phone_input==input#xpath#(//*[@id="PersonalEntry_tab_address_attributes_CellPhone"])[2]
update_contact_pager_phone_input==input#xpath#(//*[@id="PersonalEntry_tab_address_attributes_PagerPhone"])[2]
update_contact_home_phone_input==input#xpath#(//*[@id="PersonalEntry_tab_address_attributes_HomePhone"])[2]
update_contact_fax_number_input==input#xpath#(//*[@id="PersonalEntry_tab_address_attributes_FaxPhone"])[2]
update_contact_default_number_drop_down==select#xpath#(//select[contains(@id, 'PersonalEntry_PrimaryPhoneContactFieldID')])[2]
update_contact_email_input==input#xpath#(//*[@id="PersonalEntry_tab_address_attributes_EmailAddress"])[2]
update_contact_im_input==input#xpath#(//*[@id="PersonalEntry_tab_address_attributes_IMUri"])[2]


contact_search_first_name_input==input#xpath#//*[@id="headerRow_FirstName"]
contact_search_last_name_input==input#xpath#//*[@id="headerRow_LastName"]
contact_search_prime_phone_input==input#xpath#//*[@id="headerRow_PrimaryPhone"]
contact_search_company_input==input#xpath#//*[@id="headerRow_CompanyName"]
contact_search_department_input==input#xpath#//*[@id="headerRow_DepartmentName"]
contact_search_business_input==input#xpath#//*[@id="headerRow_WorkPhone"]

contact_search_mobile_phone_input==input#xpath#//*[@id="headerRow_CellPhone"]
contact_search_pager_phone_input==input#xpath#//*[@id="headerRow_PagerPhone"]
contact_search_home_phone_input==input#xpath#//*[@id="headerRow_HomePhone"]
contact_search_fax_number_input==input#xpath#//*[@id="headerRow_FaxPhone"]
contact_search_email_input==input#xpath#//*[@id="headerRow_EmailAddress"]
contact_search_im_input==input#xpath#//*[@id="headerRow_IMUri"]


contact_first_entry_select_box==div#xpath#(//div[@id='datagrid_personalDirectoryDataGrid']//input[@type='checkbox'])[2]

contact_update_contact_button==button#xpath#//button[@id='personalDirectoryDataGridUpdateButton']
contacts_update_contact_form_OK_button==button#xpath#//button[@id='updatePersonalDirectoryForm_OK']

contact_delete_contact_button==button#xpath#//button[@id='personalDirectoryDataGridDeleteButton']
contacts_delete_contact_confirm_yes_button==button#xpath#//button[@id='fnMessageBox_Yes']
