ph_phone_numbers_submenu==a#id#phone_numbers_submenu
ph_add_button==button#id#add_button
ph_TnsString==input#id#TnsString
ph_ServiceUsage==select#id#ServiceUsage
ph_tnCompaniesAutocomplete==input#id#tnCompaniesAutocomplete
ph_TnLocationId==select#id#TnLocationId
ph_TrunkgroupId==select#id#TrunkgroupId
ph_VendorOrderNumber==input#id#VendorOrderNumber
ph_dRequestedBy==select#id#dRequestedBy
ph_RequestSources==select#id#RequestSources
ph_AddTNsWizard_finish==button#id#AddTNsWizard_finish

ph_System==input#xpath#//*[@id="Type" and @value="System"]
ph_Client==input#xpath#//*[@id="Type" and @value="Client"]

ph_update_button==button#id#update_button
ph_Account_text==input#id#Account_text
ph_tnsDataGrid==table#id#tnsDataGrid
ph_table==table#xpath#//*[@id="tnsDataGrid"]/tbody

ph_State01==input#id#State
ph_State==input#xpath#//*[@id="State"][1]
ph_AccountActionId==input#id#AccountActionId
ph_tnClusterId==input#id#tnClusterId
ph_Type==dropdown#id#Type
ph_UpdateTNsWizard_next==button#id#UpdateTNsWizard_next
ph_headerRow_Tn==button#id#headerRow_Tn
ph_UpdateTNsWizard_finish==button#id#UpdateTNsWizard_finish
ph_AddTNsWizard_next==button#id#AddTNsWizard_next
Ph_VendorOdrNumb==input#id#VendorOrderNumber
Ph_requested==select#id#RequestedBy
Ph_RequestSrc==select#id#RequestSources
Ph_finish_Button==button#id#AddTNsWizard_finish

Ph_ExtnConfclt_checkbox==div#xpath#//div[@title='Select/Deselect All']
Ph_TNConflictsForm_OK==button#id#TNConflictsForm_OK

Ph_phone_number==optin#xpath#.//*[@id='menu']/li/div/div/ul/li/a[contains(text(),'Phone Numbers')]
Ph_number_tab==ab#xpath#.//*[@id='tab-numbers']/a/span
Ph_error_heading==head#xpath#.//*[@id='ui-id-8']
Ph_error_message==text#xpath#.//*[@id='ui-id-7']/p
Ph_tab_requests==tab#xpath#.//*[@id='tab-requests']/a
Ph_add_button==button#xpath#.//*[@id='requestsGridadd']
Ph_domestic_number==button#xpath#.//*[@id='AddTransferRequest']/div/fieldset/button[1]
Ph_current_providor==dropbox#xpath#.//*[@id='Request_SrcCarrierId']
Ph_phone_number_text==textbox#xpath#.//*[@id='transferRequestNumbersForm']/div[3]/div[1]/div[2]/textarea
Ph_phone_number_button==btn#xpath#.//*[@id='transferRequestNumbersForm']/div[3]/div[1]/div[3]/button
Ph_next_buton==btn#xpath#.//*[@id='ui-accordion-accordion-panel-0']/div/div/button

Ph_account_name==text#xpath#.//*[@id='Request_NameOnAccount']
Ph_account_number==text#xpath#.//*[@id='Request_AccountNumber']
Ph_account_next==xpath#xpath#.//*[@id='ui-accordion-accordion-panel-1']/div/div/button[2]

Ph_fileupload==btn#xpath#.//*[@id='chooseRecentInvoiceFile']
Ph_ok_confirmation==btn#xpath#//*[@id="uploadRecentInvoiceModal_OK"]/span[2]
Ph_browse_btn==btn#xpath#.//*[@id='browseInvoiceFile']
Ph_invoice_next==btn#xpath#.//*[@id='ui-accordion-accordion-panel-2']/div/div/button[2]
Ph_callerID_next==btn#xpath#.//*[@id='ui-accordion-accordion-panel-3']/div/div/button[2]
Ph_Directory_next==btn#xpath#.//*[@id='ui-accordion-accordion-panel-4']/div/div/button[2]
Ph_Finish_next==btn#xpath#.//*[@id='ui-accordion-accordion-panel-5']/div/div/button[2]
Ph_radio_button==btn#xpath#.//*[@id='transferRequestCallerIDNameForm']/div/div[2]/input
Ph_Directory_radio_button==btn#xpath#.//*[@id='transferRequestDirectoryAssistanceForm']/div/div[2]/input[2]
Ph_upload_button==btn#xpath#//*[@id="uploadAndSubmit"]/span
Ph_upload_choose_button==btn#xpath#.//*[@id="authorization-file"]
Ph_submit_button==tbn#xpath#//*[@id="dialog-upload-authorization-submit"]/span
Ph_submit_modify==btm#xpath#//*[@id="modifyRequest"]/span
Ph_header_number==stext#xpath#.//*[@id='headerRow_numbers']
Ph_grid==grid#xpath#.//*[@id='datagrid_requestsGrid']/div/div/div/div[2]

Ph_NumberSearch==text#xpath#//*[@id="Number_text"]
Ph_system_phone_numbers==a#xpath#//a[@id='phone_system_nav']/following-sibling::div/div/ul/li/a[contains(text(),'Phone Numbers')]

#PhoneSystem ---> Phone Number
PhoneSystem_tnStatus==text#id#headerRow_TnStatus
PhoneSystem_tnType==text#id#headerRow_TnType
PhoneSystem_DestType==text#id#headerRow_DestinationType
PhoneSystem_DisplayName==input#id#headerRow_Destination
PhoneSystem_CountryCode==text#id#headerRow_CountryCode
PhoneSystem_Location==input#id#headerRow_FormattedLocationName
PhoneSystem_TransferRequest==text#id#headerRow_ActivePhoneRequest
PhoneSystem_Number==input#id#headerRow_TnId
PhoneSystem_Assign==button#id#tnsDataGridassign
PhoneSystem_Edit==button#id#tnsDataGridedit
PhoneSystem_Export==button#id#tnsDataGridExportBtn
PhoneSystem_Save==button#id#btnAssignOneNumberSave
PhoneSystem_Cancel==button#id#btnAssignOneNumberCancel
PhoneSystem_OK==button#id#fnMessageBox_OK
PhoneSystem_Yes==button#id#fnMessageBox_Yes
PhoneSystem_DisplayName_Error==div#xpath#//*[@id="AssignEditForm"]/div/table/tbody/tr[4]/td/div/div[2]/div
PhoneSystem_DestinationDropdown==text#id#dropdown
PhoneSystem_SelectedRow_Checkbox==div#xpath#//*[@id="datagrid_tnsDataGrid"]/div[5]/div/div[1]/div[1]
PhoneSystem_Edit_DisplayName==input#id#DisplayName
PhoneSystem_Grid==table#id#datagrid_tnsDataGrid
PhoneSystem_Assign_HG==button#id#huntGroup
PhoneSystem_Assign_AA==button#id#autoAttendant
PhoneSystem_Assign_BCA==button#id#bridgedCallAppearance
PhoneSystem_FetchTN==div#xpath#//*[@id="datagrid_tnsDataGrid"]/div[5]/div/div[1]/div[2]
PhoneSystem_FetchDestinationType==div#xpath#//*[@id="datagrid_tnsDataGrid"]/div[5]/div/div[1]/div[7]
PhoneSystem_FetchTnStatus==div#xpath#//*[@id="datagrid_tnsDataGrid"]/div[5]/div/div[1]/div[4]
PhoneSystem_FetchDestinationName==div#xpath#//*[@id="datagrid_tnsDataGrid"]/div[5]/div/div[1]/div[8]
PhoneSystem_Refresh==div#xpath#//*[@id="pager_tnsDataGrid"]/div/span[4]/span[1]/span
PhoneSystem_ClearFilter==div#xpath#//*[@id="pager_tnsDataGrid"]/div/span[4]/span[2]/span
PhoneSystem_Edit_Save_Success_Msg==p#xpath#//p[contains(text(), "The phone number was assigned successfully")]
PhoneSystem_Edit_Cancel_Button==button#xpath#//*[@id="btnAssignOneNumberCancel"]

PhoneSystem_LocationValue==select#xpath#//div[@id="datagrid_tnsDataGrid"]/div[5]/div/div/div[6]/div
