m5portal_support==div#id#m5portal_support
m5portal_support_topbar==div#id#m5portal_support_topbar
container==div#id#container
_content==div#id#_content
_header==div#id#_header
top==div#id#top
help==a#id#help
ideas==a#id#ideas
announcements==a#id#announcements
top-options==div#id#top-options
userOptions==div#id#userOptions
userMenuItems==div#id#userMenuItems
switch-account-text==a#id#switch-account-text
logo==a#id#logo
company_name==div#id#company_name
_navigation==div#id#_navigation
phone_system_nav==a#id#phone_system_nav
phone_system_users==a#id#phone_system_users
finance_nav==a#id#finance_nav
operations_nav==a#id#operations_nav
operations_div==div#id#operations_div

partitions_submenu==a#id#partitions_submenu
primary_partition_submenu==a#id#primary_partition_submenu

phone_numbers_submenu==a#id#phone_numbers_submenu
main==div#id#main
content==div#id#content
breadcrumb==div#id#breadcrumb
m5portal_breadcrumb==div#id#m5portal_breadcrumb
searchWidget==div#id#searchWidget
tbxTerm==input#id#tbxTerm
gridContainer_servicesExplorerDataGrid==div#id#gridContainer_servicesExplorerDataGrid
servicesExplorerDataGrid_processing==div#id#servicesExplorerDataGrid_processing

servicesExplorerDataGridAddButton==button#id#servicesExplorerDataGridAddButton
servicesExplorerDataGridMoveButton==button#id#servicesExplorerDataGridMoveButton
servicesExplorerDataGridCloseButton==button#id#servicesExplorerDataGridCloseButton
servicesExplorerDataGridUpdateButton==button#id#servicesExplorerDataGridUpdateButton
servicesExplorerDataGridExportBtn==button#id#servicesExplorerDataGridExportBtn
servicesExplorerDataGridToggleBtn==button#id#servicesExplorerDataGridToggleBtn
txtSearch_servicesExplorerDataGrid==input#id#txtSearch_servicesExplorerDataGrid
datagrid_servicesExplorerDataGrid==div#id#datagrid_servicesExplorerDataGrid


slickgrid_263583_checkbox_selector==div#id#slickgrid_263583_checkbox_selector
slickgrid_263583ServiceId==div#id#slickgrid_263583ServiceId
slickgrid_263583ServiceName==div#id#slickgrid_263583ServiceName
slickgrid_263583InvoiceGroupName==div#id#slickgrid_263583InvoiceGroupName
slickgrid_263583OrderId==div#id#slickgrid_263583OrderId
slickgrid_263583Ordered==div#id#slickgrid_263583Ordered
slickgrid_263583ServiceType==div#id#slickgrid_263583ServiceType
slickgrid_263583FormattedLocationName==div#id#slickgrid_263583FormattedLocationName
slickgrid_263583ServiceStatus==div#id#slickgrid_263583ServiceStatus
slickgrid_263583CircuitId==div#id#slickgrid_263583CircuitId
slickgrid_263583CircuitStatus==div#id#slickgrid_263583CircuitStatus
slickgrid_263583ServiceCreatedDate==div#id#slickgrid_263583ServiceCreatedDate
slickgrid_263583DateLiveActual==div#id#slickgrid_263583DateLiveActual
slickgrid_263583ServiceForecastDate==div#id#slickgrid_263583ServiceForecastDate
slickgrid_263583CurrencyCode==div#id#slickgrid_263583CurrencyCode
slickgrid_263583MonthlyPrice==div#id#slickgrid_263583MonthlyPrice
slickgrid_263583SetupPrice==div#id#slickgrid_263583SetupPrice
slickgrid_263583BaseTypeName==div#id#slickgrid_263583BaseTypeName
slickgrid_263583BaseNameStripped==div#id#slickgrid_263583BaseNameStripped
slickgrid_263583ProductName==div#id#slickgrid_263583ProductName
slickgrid_263583TNFormatted==div#id#slickgrid_263583TNFormatted



headerRow_ServiceId==input#id#headerRow_ServiceId

headerRow_ServiceName==input#id#headerRow_ServiceName

headerRow_InvoiceGroupName==select#id#headerRow_InvoiceGroupName

headerRow_OrderId==input#id#headerRow_OrderId

headerRow_Ordered==input#id#headerRow_Ordered

headerRow_ServiceType==select#id#headerRow_ServiceType

headerRow_FormattedLocationName==input#id#headerRow_FormattedLocationName

headerRow_ServiceStatus==select#id#headerRow_ServiceStatus

headerRow_CircuitId==input#id#headerRow_CircuitId

headerRow_CircuitStatus==select#id#headerRow_CircuitStatus

headerRow_ServiceCreatedDate==input#id#headerRow_ServiceCreatedDate

headerRow_DateLiveActual==input#id#headerRow_DateLiveActual

headerRow_ServiceForecastDate==input#id#headerRow_ServiceForecastDate

headerRow_CurrencyCode==input#id#headerRow_CurrencyCode

headerRow_MonthlyPrice==input#id#headerRow_MonthlyPrice

headerRow_SetupPrice==input#id#headerRow_SetupPrice

headerRow_BaseTypeName==select#id#headerRow_BaseTypeName

headerRow_BaseNameStripped==input#id#headerRow_BaseNameStripped

headerRow_ProductName==input#id#headerRow_ProductName

headerRow_TNFormatted==input#id#headerRow_TNFormatted


servicesExplorerDataGridFilterPanel==div#id#servicesExplorerDataGridFilterPanel

txtMultiSearch_servicesExplorerDataGrid==input#id#txtMultiSearch_servicesExplorerDataGrid
servicesExplorerDataGridMultiSearchButton==button#id#servicesExplorerDataGridMultiSearchButton

chbMultiSearch_servicesExplorerDataGrid==input#id#chbMultiSearch_servicesExplorerDataGrid
pager_servicesExplorerDataGrid==div#id#pager_servicesExplorerDataGrid

ui-id-6==a#id#ui-id-6
ui-id-7==a#id#ui-id-7
ui-id-8==a#id#ui-id-8
ajaxHandler==div#id#ajaxHandler


contactUsForm==div#id#contactUsForm


contactUsForm_Close==button#id#contactUsForm_Close


SwitchAccount==div#id#SwitchAccount


SwitchAccount_OK==button#id#SwitchAccount_OK
SwitchAccount_Cancel==button#id#SwitchAccount_Cancel


moveServiceWizardForm==div#id#moveServiceWizardForm


closeServiceWizardForm==div#id#closeServiceWizardForm


bulkUpdateServicesForm==div#id#bulkUpdateServicesForm


bulkUpdateServicesForm_OK==button#id#bulkUpdateServicesForm_OK
bulkUpdateServicesForm_Cancel==button#id#bulkUpdateServicesForm_Cancel
ui-datepicker-div==div#id#ui-datepicker-div


OrderDetailsForm==div#id#OrderDetailsForm


OrderDetailsForm_OK==button#id#OrderDetailsForm_OK
OrderDetailsForm_Close==button#id#OrderDetailsForm_Close
Organisation==ord#xpath#//*[@id="menu"]/li[1]/a
services==ser#xpath#//*[@id="menu"]/li[1]/div/div[2]/ul/li[3]/a

add_service==btn#xpath#.//*[@id='servicesExplorerDataGridAddButton']
add_service_LNP==btn#xpath#//*[@id="btnAdd"]/span[2]
LNP_requested_by==drop#xpath#.//*[@id='ddlRequestedBy']
LNP_source==drop#xpath#.//*[@id='ddlRequestSource']
LNP_Servie_class==drop#xpath#.//*[@id='slServiceClass_0']
LNP_next==btn#xpath#.//*[@id='addServiceWizard_next']
LNP_finish==btm#xpath#.//*[@id='addServiceWizard_finish']
LNP_ok==btn#xpath#.//*[@id='fnMessageBox_OK']
LNP_Order_id==text#xpath#.//*[@class='ui-dialog-content ui-widget-content']/p
LNP_product==drop#xpath#.//*[@id='slProduct_0']

Service_search_box==trext#xpath#.//*[@id='headerRow_OrderId']
order_id_link==link#xpath#.//*[@id='gridContainer_servicesExplorerDataGrid']/div/div/div/div/div[2]/a
LNP_service_status==drop#xpath#.//*[@id='serviceStatus']
checkbox_for_Wait==box#xpath#.//*[@id='IsDateFirstAvailable']
LNP_setting_tab==tab#xpath#.//*[@id='tab-settings']/a
LNP_add_TN==btn#xpath#.//*[@id='serviceManageTnsAddButton']
LNP_Text_box==text#xpath#.//*[@id='datagrid_serviceManageTns']/div[5]/div/div/div[1]/input
LNP_save_btn==btn#xpath#.//*[@id='btnSave']
LNP_Cancel==btn#xpath#.//*[@id='fnMessageBox_Cancel']
LNP_service_Detail_tab==btn#xpath#.//*[@id='tab-details']/a
LNP_Service_Detail_save==btn#xpath#.//*[@id='btnServiceDetailsSave']
LNP_status==text#xpath#.//*[@id='gridContainer_servicesExplorerDataGrid']/div/div/div/div/div[9]

ServiceGrid_Checkbox==div#xpath#//*[@id="datagrid_servicesExplorerDataGrid"]/div[5]/div/div[1]/div[1]
ServiceGrid_ServiceId_Link==div#xpath#//*[@id="datagrid_servicesExplorerDataGrid"]/div[5]/div/div[1]/div[2]/a
ServiceGrid_ServiceStatus_Retrieve==div#xpath#//*[@id="datagrid_servicesExplorerDataGrid"]/div[5]/div/div[1]/div[9]
ServiceDetails_Tabs==div#id#serviceEditTabs
ServiceGrid_CloseButton==button#id#servicesExplorerDataGridCloseButton
ServiceGrid_ClearFilter==div#xpath#//*[@id="pager_servicesExplorerDataGrid"]/div/span[4]/span[2]
ServiceGrid_Refresh==div#xpath#//*[@id="pager_servicesExplorerDataGrid"]/div/span[4]/span[1]
ServiceGrid_Tn==div#xpath#//*[@id="datagrid_servicesExplorerDataGrid"]/div[5]/div/div[1]/div[19]
ServicesDataGridCanvas==div#xpath#//*[@class="grid-canvas"]

header_close_service==name#xpath#//*[@id='CloseServiceWizard_step_0']/form/div/h2
closeServiceWizard_next==button#id#CloseServiceWizard_next
CloseServiceWizard_finish==button#id#CloseServiceWizard_finish

Service_Void_Yes==button#id#fnMessageBox_Yes
header_void_service==div#id#VoidServiceWizard_step_0
Void_EffectiveDate==input#id#EffectiveDate
actionField==div#id#close-action-common-fields
Void_keepGlobalTn_no==input#xpath#//*[@id="divPlaceHolderGlobalNumber"]/div[3]/input
Void_keepGlobalTn_yes==input#xpath#//*[@id="divPlaceHolderGlobalNumber"]/div[2]/input
Void_RequestedBy==select#id#RequestedBy
Void_RequestSource==select#id#RequestSources
VoidWizard_next==button#id#VoidServiceWizard_next
VoidWizard_finish==button#id#VoidServiceWizard_finish

MatchingServicePhoneName==div#xpath#//div[@class='slick-cell l2 r2']/a
SelectedMatchingServicePhoneName==div#xpath#//div[@class='slick-cell l2 r2 selected']/a
headerRow_BusinessEmail==id#id#headerRow_BusinessEmail
CallRouting_tab==id#id#tab-call-routing
incoming_calls_routed==td#xpath#//table[@class='fields ng-scope']/tbody/tr[1]/td[2]
default_availability_routing==td#xpath#//table[@class='fields ng-scope']/tbody/tr[2]/td[1]/div[@class='callRoutingSummaryDesc ng-binding']
callRoutingSummary==id#id#callRoutingSummary
findMeEnabled==td#xpath#//table[@class='fields ng-scope']/tbody/tr[4]/td[1]/div[@class='callRoutingSummaryDesc ng-binding']
noVmGreetingRecorded==td#xpath#//table[@class='fields ng-scope']/tbody/tr[5]/td[1]/div[@class='callRoutingSummaryDesc ng-binding'][1]
callersCanLeaveVm==td#xpath#//table[@class='fields ng-scope']/tbody/tr[5]/td[1]/div[@class='callRoutingSummaryDesc ng-binding'][2]
forwardingToOperator==td#xpath#//table[@class='fields ng-scope']/tbody/tr[5]/td[1]/div[@class='callRoutingSummaryDesc ng-binding'][3]

configureMainSettingsButtonId==dev#id#configureMainSettingsButton
configureMainSettingsButton==btn#xpath#//span[@class='ui-button-text']
callRoutingAddNumbersHeader==dev#id#callRoutingAddNumbersHeader
tblCallRoutingNumbers==table#id#tblCallRoutingNumbers
configurePhoneCallRoutingAddLabel==td#xpath#//tbody/tr[@class='ng-scope'][1]/td[1]/input
configurePhoneCallRoutingAddPhoneNumber==td#xpath#//tbody/tr[@class='ng-scope'][1]/td[2]/input
configurePhoneCallRoutingPressOne==td#xpath#//tbody/tr[@class='ng-scope'][1]/td[4]/input
configurePhoneCallRoutingAddLabel2==td#xpath#//tbody/tr[@class='ng-scope'][2]/td[1]/input
configurePhoneCallRoutingAddPhoneNumber2==td#xpath#//tbody/tr[@class='ng-scope'][2]/td[2]/input
configurePhoneCallRoutingPressOne2==td#xpath#//tbody/tr[@class='ng-scope'][2]/td[4]/input
callRoutingSettingsWizard_finish==id#id#callRoutingSettingsWizard_finish
changeVoicemail==btn#xpath#//tbody/tr[3]/td[@class='callRoutingSummaryButtonContainer']/button
changeFindMe==btn#xpath#//tbody/tr[4]/td[@class='callRoutingSummaryButtonContainer']/button
availabilityRoutingWizard==div#id#availabilityRoutingWizard
callRoutingButtons==btn#xpath#//div[@id='availabilityRoutingWizard']/div/div/div/ol/li
forwardTheCallTo==btn#xpath#//div/div/div/div/fieldset/div/div[2]/div[2]/input[@name="forwardRadioButton"]
forwardTheCallToOptions==menu#xpath#//fieldset/div/div[2]/div[2]/select
ringsBeforeForwarding==menu#xpath#//div[1]/select
ifMoreThan8CallsForwardTo==menu#xpath#//div[@class='callRouting-marginTop'][2]/div[2]/select
alwaysForwardRadio==btn#xpath#(//*[@id="cosmoCallRoutingCallForwardingContainer"]//*[@name="forwardRadioButton"])[3]
alwaysForwardOptions==menu#xpath#//div[@class='callRouting-marginTop'][3]/select
availabilityRoutingWizard_finish==id#id#availabilityRoutingWizard_finish
availabilityCallRoutingContainer==id#id#availabilityCallRoutingContainer
selAvailabilityOptions==id#id#selAvailabilityOptions
availabilityRouting-content==dev#id#availabilityRouting-content

callRoutingSettingsWizard_next==btn#id#callRoutingSettingsWizard_next
cosmoCallRoutingSimRingContainer==div#id#cosmoCallRoutingSimRingContainer
cosmoCallRoutingFindMeContainer==div#id#cosmoCallRoutingFindMeContainer
ringMyFindMeNumbers==btn#xpath#//fieldset/div[2]/div[1]/span
promptCallerToRecordName==btn#xpath#//div[@id='cosmoCallRoutingFindMeContainer']/fieldset/div[4]/input
myFindMeNumber1==menu#xpath#//fieldset/div[5]/div[@class='callRouting-marginTop'][1]/select
myFindMeNumber2==menu#xpath#//fieldset/div[5]/div[@class='callRouting-marginTop'][2]/select
findMeNumbersSettings==label#xpath#//tbody/tr[4]/td[1]/div
