User_Page_HeaderRow_FullName==input#xpath#//*[@id="headerRow_FullName"]
User_Grid_Canvas==div#xpath#//*[@class="grid-canvas"]
User_Personal_Info_headerRow_FormattedTN==input#xpath#//*[@id="headerRow_FormattedTN"]
User_Phone_Settings_Prog_Buttons==li#xpath#//*[@id="tab-prog-buttons"]
User_Phone_Settings_Prog_Button_Types==div#xpath#//*[@id="progButtonsAccordion"]
User_Ph_Prog_Button_Select_Bca_Save_Button==button#xpath#//*[@type="button"]/span[text()="Save"]
User_Ph_Prog_Button_Select_Bca_Reset_Button==button#xpath#//*[@id="resetbtn_13591"]
User_Ph_Prog_Button_Line_Base==div#xpath#//*[@id="tabs-"]/div/div[*]/div/div[1]
User_Ph_Prog_Button_Line_Verify_Function_Base==label#xpath#//*[@id="tabs-"]/div/div[*]/div/div[1]/div[1]/div[3]/label
User_Ph_Prog_Button_Rows_Select_Type_Base==select#xpath#//*[@id="tabs-"]/div/div[*]/div/div[2]/div[2]/div/div[2]/select[1]
User_Ph_Prog_Button_Rows_Select_Function_Base==select#xpath#//*[@id="tabs-"]/div/div[*]/div/div[2]/div[2]/div/div[2]/select[2]
User_Ph_Prog_Button_Rows_Input_LongLabel_Base==input#xpath#//*[@id="tabs-"]/div/div[*]/div/div[2]/div[2]/div/div[2]/input[1]
User_Ph_Prog_Button_Rows_Input_ShortLabel_Base==input#xpath#//*[@id="tabs-"]/div/div[*]/div/div[2]/div[2]/div/div[2]/input[2]
User_Ph_Prog_Button_Select_Bca_Base==select#xpath#//*[@id="user_prog_button_*_button_*_Bca"]
User_Ph_Prog_Button_Select_Bca_Call_Stack_Pos_Base==select#xpath#//*[@id="tabs-"]/div/div[*]/div/div[2]/div[2]/div/div[3]/div/div/div[3]/select
User_Ph_Prog_Button_Select_Bca_Delay_Before_Audibly_Ring_Base==select#xpath#//*[@id="tabs-"]/div/div[*]/div/div[2]/div[2]/div/div[3]/div/div/div[4]/div/select
User_Ph_Prog_Button_Select_Bca_Show_Caller_Id_Alert_Base==select#xpath#//*[@id="tabs-"]/div/div[*]/div/div[2]/div[2]/div/div[3]/div/div/div[5]/select
User_Ph_Prog_Button_Select_Bca_Allow_Auto_Answer_Base==input#xpath#//*[@id="tabs-"]/div/div[*]/div/div[2]/div[2]/div/div[3]/div/div/div[6]/label/input
User_Ph_Prog_Button_Select_Bca_Answer_Only_Base==input#xpath#//*[@id="tabs-"]/div/div[*]/div/div[2]/div[2]/div/div[3]/div/div/div[8]/label/input
User_Ph_Prog_Button_Select_Bca_Dial_Tone_Base==input#xpath#//*[@id="tabs-"]/div/div[*]/div/div[2]/div[2]/div/div[3]/div/div/div[9]/label/input
User_Ph_Prog_Button_Select_Bca_Dial_Extn_Base==input#xpath#//*[@id="tabs-"]/div/div[*]/div/div[2]/div[2]/div/div[3]/div/div/div[10]/label/input
User_Ph_Prog_Button_Select_Bca_Dial_Extn_Input_Base==input#xpath#//*[@id="tabs-"]/div/div[*]/div/div[2]/div[2]/div/div[3]/div/div/div[10]/input[1]
User_Ph_Prog_Button_Select_Bca_Dial_Extn_Search_Base==input#xpath#//*[@id="tabs-"]/div/div[*]/div/div[2]/div[2]/div/div[3]/div/div/div[10]/input[2]
User_Ph_Prog_Button_Select_Bca_Dial_External_Base==input#xpath#//*[@id="tabs-"]/div/div[*]/div/div[2]/div[2]/div/div[3]/div/div/div[11]/label/input
User_Ph_Prog_Button_Select_Bca_Dial_External_Input_Base==input#xpath#//*[@id="tabs-"]/div/div[*]/div/div[2]/div[2]/div/div[3]/div/div/div[11]/input
User_Ph_Prog_Button_Create_BCA_Base==input#xpath#//*[@id="tabs-"]/div/div[*]/div/div[2]/div[2]/div/div[3]/div/div/div[1]/div[1]/div[1]/input
